===== attempt 1 :: CUDA_VISIBLE_DEVICES='0' .venv/bin/python scripts/run_sota_comparison.py --dataset UCI-Mushroom --seed 1 --run-tag D-mushroom-baselines --job-id d83e82fd1cc26bd9 --results-jsonl results/runs_offload_a5500tier2.jsonl =====
[SOTA] dataset=UCI-MUSHROOM k=2 strategy=optimal_topk
[SOTA] clean baseline acc=96.88%
[SOTA] running: naked
[SOTA] naked acc=83.51%
[SOTA] running: batch_krum_gate
[SOTA] batch_krum_gate acc=89.66% detect=3.6%
[SOTA] running: cosine_gate
[SOTA] cosine_gate acc=98.11% detect=26.1%
[SOTA] running: ae_gate
[SOTA] ae_gate acc=91.39% detect=6.3%
[SOTA] running: rgar
[SOTA] rgar acc=96.96% detect=100.0%

Dataset: UCI-MUSHROOM  k=2  Attack: optimal_topk  Clean acc: 96.88%

═════════════════════════════════════════════════════════════════════════════════════════
 Defense               │ Detects (%) │ Acc (after) │ Collapse? │ Paper Reference             
═════════════════════════════════════════════════════════════════════════════════════════
 No Defense (naked)    │        0.0% │      83.51% │       NO  │ —                           
 Batch Krum Gate       │        3.6% │      89.66% │       NO  │ Blanchard et al. NeurIPS'17 
 Cosine Gate           │       26.1% │      98.11% │       NO  │ Cao et al. (FLTrust) NDSS'22
 AE Gate               │        6.3% │      91.39% │       NO  │ Cho et al. (VFLIP) ESORICS'24
 RGAR (ours)           │      100.0% │     96.96% ✓│       NO  │ This work                   
─────────────────────────────────────────────────────────────────────────────────────────
 Clean (no attack)     │           — │      96.88% │         — │                             
═════════════════════════════════════════════════════════════════════════════════════════

 Attack drop (naked):  13.37 pp  |  RGAR recovery: +13.45 pp vs naked  |  Gap to clean: -0.08 pp

[SOTA] Results written to: experiments/defense/sota_comparison/runs/UCI-MUSHROOM/k2/D-mushroom-baselines
