===== attempt 1 :: CUDA_VISIBLE_DEVICES='' .venv/bin/python scripts/run_sota_comparison.py --dataset UCI-HAR --seed 1 --run-tag D-ucihar-baselines --job-id f1acc871d5ededd0 --results-jsonl results/runs_offload_a5500tier2.jsonl =====
[SOTA] UCI-HAR: tabular-asymmetric path — (learnable 96-D attacker, weak linear passive). Naive defenses: krum≈naked, cosine≈0-50%det, ae≈100%det+h_B-fallback.
[SOTA] dataset=UCI-HAR k=2 strategy=optimal_topk
[SOTA] clean baseline acc=98.32%
[SOTA] running: naked
[SOTA] naked acc=15.53%
[SOTA] running: batch_krum_gate
[SOTA] batch_krum_gate acc=15.53% detect=4.5%
[SOTA] running: cosine_gate
[SOTA] cosine_gate acc=61.23% detect=96.5%
[SOTA] running: ae_gate
[SOTA] ae_gate acc=29.06% detect=9.9%
[SOTA] running: rgar
[SOTA] rgar acc=89.45% detect=100.0%

Dataset: UCI-HAR  k=2  Attack: optimal_topk  Clean acc: 98.32%

═════════════════════════════════════════════════════════════════════════════════════════
 Defense               │ Detects (%) │ Acc (after) │ Collapse? │ Paper Reference             
═════════════════════════════════════════════════════════════════════════════════════════
 No Defense (naked)    │        0.0% │     15.53% ▼│       YES │ —                           
 Batch Krum Gate       │        4.5% │     15.53% ▼│       YES │ Blanchard et al. NeurIPS'17 
 Cosine Gate           │       96.5% │     61.23% ▼│       YES │ Cao et al. (FLTrust) NDSS'22
 AE Gate               │        9.9% │     29.06% ▼│       YES │ Cho et al. (VFLIP) ESORICS'24
 RGAR (ours)           │      100.0% │     89.45% ✓│       NO  │ This work                   
─────────────────────────────────────────────────────────────────────────────────────────
 Clean (no attack)     │           — │      98.32% │         — │                             
═════════════════════════════════════════════════════════════════════════════════════════

 Attack drop (naked):  82.78 pp  |  RGAR recovery: +73.92 pp vs naked  |  Gap to clean: 8.87 pp

[SOTA] Results written to: experiments/defense/sota_comparison/runs/UCI-HAR/k2/D-ucihar-baselines
