
===== attempt 1 :: /home/arpita/Downloads/VFL/mnist_vfl_local_project/mnist_vfl_local/.venv/bin/python scripts/run_attack_defense.py --config experiments/defense/configs/mnist.yaml --strategy optimal_topk --seed 5 --run-tag C-mnist-s5 --job-id fb5bc068c1fcc80e --results-jsonl /home/arpita/Downloads/VFL/mnist_vfl_local_project/mnist_vfl_local/results/runs_arpita-ROG-Zephyrus-G14.jsonl =====
[DEFENSE] dataset=MNIST k=2 (attack+RGAR pipeline)
[DEFENSE] clean baseline acc=96.46%
Traceback (most recent call last):
  File "/home/arpita/Downloads/VFL/mnist_vfl_local_project/mnist_vfl_local/scripts/run_attack_defense.py", line 838, in <module>
    raise SystemExit(main())
  File "/home/arpita/Downloads/VFL/mnist_vfl_local_project/mnist_vfl_local/scripts/run_attack_defense.py", line 823, in main
    out = run_one_defense(
  File "/home/arpita/Downloads/VFL/mnist_vfl_local_project/mnist_vfl_local/scripts/run_attack_defense.py", line 550, in run_one_defense
    met_rg, _st_rg, meta_rg = _train_rgar_dispatch(
  File "/home/arpita/Downloads/VFL/mnist_vfl_local_project/mnist_vfl_local/scripts/run_attack_defense.py", line 125, in _train_rgar_dispatch
    return train_rgar_flatten_vfl(
  File "/home/arpita/Downloads/VFL/mnist_vfl_local_project/mnist_vfl_local/vfl/defense/rgar_flat_vfl.py", line 210, in train_rgar_flatten_vfl
    s_pair, e_a, e_b = engine.score_batch(ha.detach(), hb.detach(), y, gix.to(dev))
  File "/home/arpita/Downloads/VFL/mnist_vfl_local_project/mnist_vfl_local/server_rgar_defense.py", line 278, in score_batch
    t_a = self.temporal_drift_a(h_a, batch_idx)
  File "/home/arpita/Downloads/VFL/mnist_vfl_local_project/mnist_vfl_local/server_rgar_defense.py", line 232, in temporal_drift_a
    j = int(batch_idx[i].item())
RuntimeError: CUDA error: unspecified launch failure
CUDA kernel errors might be asynchronously reported at some other API call, so the stacktrace below might be incorrect.
For debugging consider passing CUDA_LAUNCH_BLOCKING=1
Compile with `TORCH_USE_CUDA_DSA` to enable device-side assertions.


===== attempt 2 :: /home/arpita/Downloads/VFL/mnist_vfl_local_project/mnist_vfl_local/.venv/bin/python scripts/run_attack_defense.py --config experiments/defense/configs/mnist.yaml --strategy optimal_topk --seed 5 --run-tag C-mnist-s5 --job-id fb5bc068c1fcc80e --results-jsonl /home/arpita/Downloads/VFL/mnist_vfl_local_project/mnist_vfl_local/results/runs_arpita-ROG-Zephyrus-G14.jsonl =====
/home/arpita/Downloads/VFL/mnist_vfl_local_project/mnist_vfl_local/.venv/lib/python3.10/site-packages/torch/cuda/__init__.py:129: UserWarning: CUDA initialization: CUDA unknown error - this may be due to an incorrectly set up environment, e.g. changing env variable CUDA_VISIBLE_DEVICES after program start. Setting the available devices to be zero. (Triggered internally at /pytorch/c10/cuda/CUDAFunctions.cpp:109.)
  return torch._C._cuda_getDeviceCount() > 0
[DEFENSE] dataset=MNIST k=2 (attack+RGAR pipeline)
Traceback (most recent call last):
  File "/home/arpita/Downloads/VFL/mnist_vfl_local_project/mnist_vfl_local/scripts/run_attack_defense.py", line 838, in <module>
    raise SystemExit(main())
  File "/home/arpita/Downloads/VFL/mnist_vfl_local_project/mnist_vfl_local/scripts/run_attack_defense.py", line 823, in main
    out = run_one_defense(
  File "/home/arpita/Downloads/VFL/mnist_vfl_local_project/mnist_vfl_local/scripts/run_attack_defense.py", line 274, in run_one_defense
    metrics_clean = train_clean(
  File "/home/arpita/Downloads/VFL/mnist_vfl_local_project/mnist_vfl_local/vfl/train/loop.py", line 44, in train_clean
    model = model.to(device)
  File "/home/arpita/Downloads/VFL/mnist_vfl_local_project/mnist_vfl_local/.venv/lib/python3.10/site-packages/torch/nn/modules/module.py", line 1343, in to
    return self._apply(convert)
  File "/home/arpita/Downloads/VFL/mnist_vfl_local_project/mnist_vfl_local/.venv/lib/python3.10/site-packages/torch/nn/modules/module.py", line 903, in _apply
    module._apply(fn)
  File "/home/arpita/Downloads/VFL/mnist_vfl_local_project/mnist_vfl_local/.venv/lib/python3.10/site-packages/torch/nn/modules/module.py", line 903, in _apply
    module._apply(fn)
  File "/home/arpita/Downloads/VFL/mnist_vfl_local_project/mnist_vfl_local/.venv/lib/python3.10/site-packages/torch/nn/modules/module.py", line 930, in _apply
    param_applied = fn(param)
  File "/home/arpita/Downloads/VFL/mnist_vfl_local_project/mnist_vfl_local/.venv/lib/python3.10/site-packages/torch/nn/modules/module.py", line 1329, in convert
    return t.to(
  File "/home/arpita/Downloads/VFL/mnist_vfl_local_project/mnist_vfl_local/.venv/lib/python3.10/site-packages/torch/cuda/__init__.py", line 319, in _lazy_init
    torch._C._cuda_init()
RuntimeError: CUDA unknown error - this may be due to an incorrectly set up environment, e.g. changing env variable CUDA_VISIBLE_DEVICES after program start. Setting the available devices to be zero.
