
===== attempt 1 :: /home/user/jarin/anyfl/.venv/bin/python scripts/run_sota_comparison.py --dataset MNIST --seed 1 --run-tag D-mnist-baselines --job-id 22558afd06b75077 --results-jsonl /home/user/jarin/anyfl/results/runs_user-Precision-3660.jsonl =====
[SOTA] MNIST: flat-VFL path — concentrated swap + device overridden to cpu
[SOTA] dataset=MNIST k=2 strategy=optimal_topk
[SOTA] clean baseline acc=96.88%
[SOTA] running: naked
[SOTA] naked acc=33.26%
[SOTA] running: batch_krum_gate
Traceback (most recent call last):
  File "/home/user/jarin/anyfl/scripts/run_sota_comparison.py", line 847, in <module>
    raise SystemExit(main())
                     ~~~~^^
  File "/home/user/jarin/anyfl/scripts/run_sota_comparison.py", line 829, in main
    run_sota_comparison(
    ~~~~~~~~~~~~~~~~~~~^
        dataset=args.dataset,
        ^^^^^^^^^^^^^^^^^^^^^
    ...<10 lines>...
        epochs=args.epochs,
        ^^^^^^^^^^^^^^^^^^^
    )
    ^
  File "/home/user/jarin/anyfl/scripts/run_sota_comparison.py", line 610, in run_sota_comparison
    met_k, dmeta_k = train_with_batch_krum_gate(
                     ~~~~~~~~~~~~~~~~~~~~~~~~~~^
        m, **_NAIVE_KWARGS, tau_sigma=float(tau_sigma), suppress_mode=_bank_suppress
        ^^^^^^^^^^^^^^^^^^^^^^^^^^^^^^^^^^^^^^^^^^^^^^^^^^^^^^^^^^^^^^^^^^^^^^^^^^^^
    )
    ^
  File "/home/user/jarin/anyfl/vfl/defense/naive_defenses.py", line 581, in train_with_batch_krum_gate
    return _train_with_naive_gate(
        model,
    ...<5 lines>...
        suppress_mode=suppress_mode,
    )
  File "/home/user/jarin/anyfl/vfl/defense/naive_defenses.py", line 479, in _train_with_naive_gate
    opt.step()
    ~~~~~~~~^^
  File "/home/user/jarin/anyfl/.venv/lib/python3.13/site-packages/torch/optim/optimizer.py", line 530, in wrapper
    out = func(*args, **kwargs)
  File "/home/user/jarin/anyfl/.venv/lib/python3.13/site-packages/torch/optim/optimizer.py", line 80, in _use_grad
    ret = func(*args, **kwargs)
  File "/home/user/jarin/anyfl/.venv/lib/python3.13/site-packages/torch/optim/adam.py", line 248, in step
    adam(
    ~~~~^
        params_with_grad,
        ^^^^^^^^^^^^^^^^^
    ...<19 lines>...
        decoupled_weight_decay=group["decoupled_weight_decay"],
        ^^^^^^^^^^^^^^^^^^^^^^^^^^^^^^^^^^^^^^^^^^^^^^^^^^^^^^^
    )
    ^
  File "/home/user/jarin/anyfl/.venv/lib/python3.13/site-packages/torch/optim/optimizer.py", line 148, in maybe_fallback
    return func(*args, **kwargs)
  File "/home/user/jarin/anyfl/.venv/lib/python3.13/site-packages/torch/optim/adam.py", line 970, in adam
    func(
    ~~~~^
        params,
        ^^^^^^^
    ...<17 lines>...
        decoupled_weight_decay=decoupled_weight_decay,
        ^^^^^^^^^^^^^^^^^^^^^^^^^^^^^^^^^^^^^^^^^^^^^^
    )
    ^
  File "/home/user/jarin/anyfl/.venv/lib/python3.13/site-packages/torch/optim/adam.py", line 546, in _single_tensor_adam
    param.addcdiv_(exp_avg, denom, value=-step_size)  # type: ignore[arg-type]
    ~~~~~~~~~~~~~~^^^^^^^^^^^^^^^^^^^^^^^^^^^^^^^^^^
KeyboardInterrupt

===== attempt 1 :: /home/user/jarin/anyfl/.venv/bin/python scripts/run_sota_comparison.py --dataset MNIST --seed 1 --run-tag D-mnist-baselines --job-id 22558afd06b75077 --results-jsonl /home/user/jarin/anyfl/results/runs_user-Precision-3660.jsonl =====
[SOTA] MNIST: flat-VFL path — concentrated swap + device overridden to cpu
[SOTA] dataset=MNIST k=2 strategy=optimal_topk
[SOTA] clean baseline acc=96.88%
[SOTA] running: naked
[SOTA] naked acc=33.26%
[SOTA] running: batch_krum_gate
[SOTA] batch_krum_gate acc=38.50% detect=5.9%
[SOTA] running: cosine_gate
[SOTA] cosine_gate acc=47.11% detect=99.6%
[SOTA] running: ae_gate
[SOTA] ae_gate acc=34.02% detect=3.1%
[SOTA] running: rgar
[SOTA] rgar acc=83.42% detect=100.0%

Dataset: MNIST  k=2  Attack: optimal_topk  Clean acc: 96.88%

═════════════════════════════════════════════════════════════════════════════════════════
 Defense               │ Detects (%) │ Acc (after) │ Collapse? │ Paper Reference             
═════════════════════════════════════════════════════════════════════════════════════════
 No Defense (naked)    │        0.0% │     33.26% ▼│       YES │ —                           
 Batch Krum Gate       │        5.9% │     38.50% ▼│       YES │ Blanchard et al. NeurIPS'17 
 Cosine Gate           │       99.6% │     47.11% ▼│       YES │ Cao et al. (FLTrust) NDSS'22
 AE Gate               │        3.1% │     34.02% ▼│       YES │ Cho et al. (VFLIP) ESORICS'24
 RGAR (ours)           │      100.0% │     83.42% ✓│       NO  │ This work                   
─────────────────────────────────────────────────────────────────────────────────────────
 Clean (no attack)     │           — │      96.88% │         — │                             
═════════════════════════════════════════════════════════════════════════════════════════

 Attack drop (naked):  63.62 pp  |  RGAR recovery: +50.16 pp vs naked  |  Gap to clean: 13.46 pp

[SOTA] Results written to: experiments/defense/sota_comparison/runs/MNIST/k2/D-mnist-baselines
