
===== attempt 1 :: /home/arpita/Downloads/VFL/mnist_vfl_local_project/mnist_vfl_local/.venv/bin/python scripts/run_sota_comparison.py --dataset MNIST --seed 1 --run-tag D-mnist-baselines --job-id 22558afd06b75077 --results-jsonl /home/arpita/Downloads/VFL/mnist_vfl_local_project/mnist_vfl_local/results/runs_arpita-ROG-Zephyrus-G14_smoke.jsonl --smoke =====
[SOTA] MNIST: flat-VFL path — concentrated swap + device overridden to cpu
[SOTA] dataset=MNIST k=2 strategy=optimal_topk
[SOTA] clean baseline acc=91.81%
[SOTA] running: naked
[SOTA] naked acc=32.60%
[SOTA] running: batch_krum_gate
[SOTA] batch_krum_gate acc=38.60% detect=5.9%
[SOTA] running: cosine_gate
[SOTA] cosine_gate acc=62.96% detect=99.6%
[SOTA] running: ae_gate
[SOTA] ae_gate acc=36.04% detect=3.2%
[SOTA] running: rgar
[SOTA] rgar acc=82.71% detect=100.0%

Dataset: MNIST  k=2  Attack: optimal_topk  Clean acc: 91.81%

═════════════════════════════════════════════════════════════════════════════════════════
 Defense               │ Detects (%) │ Acc (after) │ Collapse? │ Paper Reference             
═════════════════════════════════════════════════════════════════════════════════════════
 No Defense (naked)    │        0.0% │     32.60% ▼│       YES │ —                           
 Batch Krum Gate       │        5.9% │     38.60% ▼│       YES │ Blanchard et al. NeurIPS'17 
 Cosine Gate           │       99.6% │     62.96% ▼│       YES │ Cao et al. (FLTrust) NDSS'22
 AE Gate               │        3.2% │     36.04% ▼│       YES │ Cho et al. (VFLIP) ESORICS'24
 RGAR (ours)           │      100.0% │     82.71% ✓│       NO  │ This work                   
─────────────────────────────────────────────────────────────────────────────────────────
 Clean (no attack)     │           — │      91.81% │         — │                             
═════════════════════════════════════════════════════════════════════════════════════════

 Attack drop (naked):  59.21 pp  |  RGAR recovery: +50.11 pp vs naked  |  Gap to clean: 9.10 pp

[SOTA] Results written to: experiments/defense/sota_comparison/runs/MNIST/k2/D-mnist-baselines
