
===== attempt 1 :: /home/arpita/Downloads/VFL/mnist_vfl_local_project/mnist_vfl_local/.venv/bin/python scripts/run_sota_comparison.py --dataset UCI-BANK --seed 1 --run-tag D-bank-baselines --job-id 4320f95a92dd515a --results-jsonl /home/arpita/Downloads/VFL/mnist_vfl_local_project/mnist_vfl_local/results/runs_arpita-ROG-Zephyrus-G14_smoke.jsonl --smoke =====
[SOTA] UCI-BANK: tabular-asymmetric path — (learnable 96-D attacker, weak linear passive). Naive defenses: krum≈naked, cosine≈0-50%det, ae≈100%det+h_B-fallback.
[SOTA] dataset=UCI-BANK k=2 strategy=class_flip
[SOTA] clean baseline acc=88.30%
[SOTA] running: naked
[SOTA] naked acc=88.30%
[SOTA] UCI-BANK: using suppress_mode=exclude for naive gates (prevents h_B majority-class fallback and minority-class zeroing)
[SOTA] running: batch_krum_gate
[SOTA] batch_krum_gate acc=88.30% detect=3.3%
[SOTA] running: cosine_gate
[SOTA] cosine_gate acc=26.08% detect=97.9%
[SOTA] running: ae_gate
[SOTA] ae_gate acc=24.34% detect=98.6%
[SOTA] running: rgar
[SOTA] rgar acc=88.30% detect=100.0%

Dataset: UCI-BANK  k=2  Attack: class_flip  Clean acc: 88.30%

═════════════════════════════════════════════════════════════════════════════════════════
 Defense               │ Detects (%) │ Acc (after) │ Collapse? │ Paper Reference             
═════════════════════════════════════════════════════════════════════════════════════════
 No Defense (naked)    │        0.0% │      88.30% │       NO  │ —                           
 Batch Krum Gate       │        3.3% │      88.30% │       NO  │ Blanchard et al. NeurIPS'17 
 Cosine Gate           │       97.9% │     26.08% ▼│       YES │ Cao et al. (FLTrust) NDSS'22
 AE Gate               │       98.6% │     24.34% ▼│       YES │ Cho et al. (VFLIP) ESORICS'24
 RGAR (ours)           │      100.0% │     88.30% ✓│       NO  │ This work                   
─────────────────────────────────────────────────────────────────────────────────────────
 Clean (no attack)     │           — │      88.30% │         — │                             
═════════════════════════════════════════════════════════════════════════════════════════

 Attack drop (naked):  0.00 pp  |  RGAR recovery: +0.00 pp vs naked  |  Gap to clean: 0.00 pp

[SOTA] Results written to: experiments/defense/sota_comparison/runs/UCI-BANK/k2/D-bank-baselines
