
===== attempt 1 :: /home/arpita/Downloads/VFL/mnist_vfl_local_project/mnist_vfl_local/.venv/bin/python scripts/run_sota_comparison.py --dataset UCI-Mushroom --seed 1 --run-tag D-mushroom-baselines --job-id d83e82fd1cc26bd9 --results-jsonl /home/arpita/Downloads/VFL/mnist_vfl_local_project/mnist_vfl_local/results/runs_arpita-ROG-Zephyrus-G14_smoke.jsonl --smoke =====
[SOTA] dataset=UCI-MUSHROOM k=2 strategy=optimal_topk
[SOTA] clean baseline acc=98.28%
[SOTA] running: naked
[SOTA] naked acc=38.88%
[SOTA] running: batch_krum_gate
[SOTA] batch_krum_gate acc=40.03% detect=4.0%
[SOTA] running: cosine_gate
[SOTA] cosine_gate acc=55.95% detect=80.2%
[SOTA] running: ae_gate
[SOTA] ae_gate acc=62.84% detect=90.6%
[SOTA] running: rgar
[SOTA] rgar acc=84.74% detect=100.0%

Dataset: UCI-MUSHROOM  k=2  Attack: optimal_topk  Clean acc: 98.28%

═════════════════════════════════════════════════════════════════════════════════════════
 Defense               │ Detects (%) │ Acc (after) │ Collapse? │ Paper Reference             
═════════════════════════════════════════════════════════════════════════════════════════
 No Defense (naked)    │        0.0% │     38.88% ▼│       YES │ —                           
 Batch Krum Gate       │        4.0% │     40.03% ▼│       YES │ Blanchard et al. NeurIPS'17 
 Cosine Gate           │       80.2% │     55.95% ▼│       YES │ Cao et al. (FLTrust) NDSS'22
 AE Gate               │       90.6% │     62.84% ▼│       YES │ Cho et al. (VFLIP) ESORICS'24
 RGAR (ours)           │      100.0% │     84.74% ✓│       NO  │ This work                   
─────────────────────────────────────────────────────────────────────────────────────────
 Clean (no attack)     │           — │      98.28% │         — │                             
═════════════════════════════════════════════════════════════════════════════════════════

 Attack drop (naked):  59.39 pp  |  RGAR recovery: +45.86 pp vs naked  |  Gap to clean: 13.54 pp

[SOTA] Results written to: experiments/defense/sota_comparison/runs/UCI-MUSHROOM/k2/D-mushroom-baselines
