
===== attempt 1 :: /home/arpita/Downloads/VFL/mnist_vfl_local_project/mnist_vfl_local/.venv/bin/python scripts/run_sota_comparison.py --dataset UCI-HAR --seed 1 --run-tag D-ucihar-baselines --job-id f1acc871d5ededd0 --results-jsonl /home/arpita/Downloads/VFL/mnist_vfl_local_project/mnist_vfl_local/results/runs_arpita-ROG-Zephyrus-G14_smoke.jsonl --smoke =====
[SOTA] UCI-HAR: tabular-asymmetric path — (learnable 96-D attacker, weak linear passive). Naive defenses: krum≈naked, cosine≈0-50%det, ae≈100%det+h_B-fallback.
[SOTA] dataset=UCI-HAR k=2 strategy=optimal_topk
[SOTA] clean baseline acc=86.93%
[SOTA] running: naked
[SOTA] naked acc=0.19%
[SOTA] running: batch_krum_gate
[SOTA] batch_krum_gate acc=2.39% detect=4.1%
[SOTA] running: cosine_gate
[SOTA] cosine_gate acc=44.08% detect=100.0%
[SOTA] running: ae_gate
[SOTA] ae_gate acc=37.48% detect=99.7%
[SOTA] running: rgar
[SOTA] rgar acc=16.63% detect=100.0%

Dataset: UCI-HAR  k=2  Attack: optimal_topk  Clean acc: 86.93%

═════════════════════════════════════════════════════════════════════════════════════════
 Defense               │ Detects (%) │ Acc (after) │ Collapse? │ Paper Reference             
═════════════════════════════════════════════════════════════════════════════════════════
 No Defense (naked)    │        0.0% │      0.19% ▼│       YES │ —                           
 Batch Krum Gate       │        4.1% │      2.39% ▼│       YES │ Blanchard et al. NeurIPS'17 
 Cosine Gate           │      100.0% │     44.08% ▼│       YES │ Cao et al. (FLTrust) NDSS'22
 AE Gate               │       99.7% │     37.48% ▼│       YES │ Cho et al. (VFLIP) ESORICS'24
 RGAR (ours)           │      100.0% │     16.63% ▼│       YES │ This work                   
─────────────────────────────────────────────────────────────────────────────────────────
 Clean (no attack)     │           — │      86.93% │         — │                             
═════════════════════════════════════════════════════════════════════════════════════════

 Attack drop (naked):  86.73 pp  |  RGAR recovery: +16.44 pp vs naked  |  Gap to clean: 70.29 pp

[SOTA] Results written to: experiments/defense/sota_comparison/runs/UCI-HAR/k2/D-ucihar-baselines
